C:\Users\marcelo.ribeiro\Desktop\1.2.392.200036.9116.2.6.1.37.2423319922.1523857820.50111\TESTE1\dicom\geral\1.txt|32651100032237684|1546032209100.6619|1546032216709.478|7|91f0da38a17fa46afacd24f754ea50cb73a342cd
C:\Users\marcelo.ribeiro\Desktop\1.2.392.200036.9116.2.6.1.37.2423319922.1523857820.50111\TESTE1\dicom\geral\2.txt|332421950229139400|1546032222488.5225|1546971210699.26|7|4486141705b8b8271de8c118573ac78f1d5e6acc
