C:\Users\marcelo.ribeiro\Desktop\1.2.392.200036.9116.2.6.1.37.2423319922.1523857820.50111\TESTE1\dicom\1.2.392.200036.9116.2.6.1.37.2423319922.1523857894.611870.DCM|6473927198386586|1546563074145.0696|1530201433620.0198|201096
C:\Users\marcelo.ribeiro\Desktop\1.2.392.200036.9116.2.6.1.37.2423319922.1523857820.50111\TESTE1\dicom\1.2.392.200036.9116.2.6.1.37.2423319922.1523857917.453790.DCM|10133101895639400|1546563074171.0735|1530201436182.6296|190106
C:\Users\marcelo.ribeiro\Desktop\1.2.392.200036.9116.2.6.1.37.2423319922.1523857820.50111\TESTE1\dicom\1.2.392.200036.9116.2.6.1.37.2423319922.1523857983.581481.DCM|27021600498264010|1546563074119.0496|1530201436620.1191|203390
C:\Users\marcelo.ribeiro\Desktop\1.2.392.200036.9116.2.6.1.37.2423319922.1523857820.50111\TESTE1\dicom\MEU-ARQUIVO.DCM|307652152278520500|1546874396508.5|1530201436620.1191|203390
C:\Users\marcelo.ribeiro\Desktop\1.2.392.200036.9116.2.6.1.37.2423319922.1523857820.50111\TESTE1\dicom\geral\1.txt|32651100032237684|1546032209100.6619|1546032216709.478|7
C:\Users\marcelo.ribeiro\Desktop\1.2.392.200036.9116.2.6.1.37.2423319922.1523857820.50111\TESTE1\dicom\geral\2.txt|332421950229139400|1546032222488.5225|1546032216709.478|7
C:\Users\marcelo.ribeiro\Desktop\1.2.392.200036.9116.2.6.1.37.2423319922.1523857820.50111\TESTE1\dicom\geral\3.txt|36310274729609630|1546032224078.056|1546098621783.5337|7
C:\Users\marcelo.ribeiro\Desktop\1.2.392.200036.9116.2.6.1.37.2423319922.1523857820.50111\TESTE1\dicom\geral\4.txt|457396839887959400|1546032221802.622|1546032216709.478|7
